// Jest Snapshot v1, https://goo.gl/fbAQLP

exports[`renders learn react link 1`] = `
<DocumentFragment>
  <div
    class="App"
  >
    <nav
      class="navbar"
    >
      <div>
        <header
          class="header"
        >
          <div
            class="header__banner"
          >
            banners
          </div>
          <h1
            class="header__h1"
          >
            HOUZE
          </h1>
          <h3
            class="header__h3"
          >
            Just get it done!
          </h3>
        </header>
        <p
          class="user"
        >
          Logged in as 
        </p>
        <button
          class="logout_button"
          type="button"
        >
          LOG OUT
        </button>
        <footer
          class="footer"
        >
          <p
            class="footer-text"
          >
            Footer
          </p>
          <img
            alt="Houze logo"
            class="app-logo"
            src="Homepage-logo-purple.svg"
          />
        </footer>
      </div>
    </nav>
    <div
      class="add-house"
    >
      0
      <form
        class="Addhouse__house"
      >
        <input
          class="input-house__name"
          placeholder="type house name"
          type="text"
        />
        <button
          class="create_button"
          type="button"
        >
          CREATE
        </button>
        <br />
        <input
          class="input-invitation__code"
          placeholder="use invitation code"
          type="text"
        />
        <button
          class="find_button"
          type="button"
        >
          FIND AND JOIN
        </button>
      </form>
      <button
        class="next_button"
        type="button"
      >
        NEXT
      </button>
    </div>
    0
  </div>
</DocumentFragment>
`;
